Microchip MPLAB XC8 Compiler V2.45

Linker command line:

-W-3 \
  --edf=C:\Program Files\Microchip\xc8\v2.45\pic\dat\20230818022343_en.msgs \
  -cn -h+dist/default/production\MEK303-PROJECT.X.production.sym \
  --cmf=dist/default/production\MEK303-PROJECT.X.production.cmf -z \
  -Q16F877A -oC:\Users\ASUS\AppData\Local\Temp\xcAspn4.\driver_tmp_3.obj \
  -Mdist/default/production/MEK303-PROJECT.X.production.map \
  --md=C:\Users\ASUS\AppData\Local\Temp\xcAspn4.\driver_tmp_0.dat -E1 \
  -ver=XC8 Compiler -ACODE=00h-07FFhx4 -ASTRCODE=00h-01FFFh \
  -ASTRING=00h-0FFhx32 -ACONST=00h-0FFhx32 -AENTRY=00h-0FFhx32 \
  -ACOMMON=070h-07Fh -ABANK0=020h-06Fh -ABANK1=0A0h-0EFh \
  -ABANK2=0110h-016Fh -ABANK3=0190h-01EFh \
  -ARAM=020h-06Fh,0A0h-0EFh,0110h-016Fh,0190h-01EFh \
  -AABS1=020h-07Fh,0A0h-0EFh,0110h-016Fh,0190h-01EFh -ASFR0=00h-01Fh \
  -ASFR1=080h-09Fh -ASFR2=0100h-010Fh -ASFR3=0180h-018Fh \
  -ACONFIG=02007h-02007h -DCONFIG=2 -AIDLOC=02000h-02003h -DIDLOC=2 \
  -AEEDATA=00h-0FFh/02100h -peeprom_data=EEDATA -DEEDATA=2 -DCODE=2 \
  -DSTRCODE=2 -DSTRING=2 -DCONST=2 -DENTRY=2 \
  -preset_vec=00h,intentry,init,end_init -ppowerup=CODE -pcinit=CODE \
  -pfunctab=ENTRY -k \
  C:\Users\ASUS\AppData\Local\Temp\xcAspn4.\driver_tmp_19.obj \
  dist/default/production\MEK303-PROJECT.X.production.obj 

Object code version is 3.11

Machine type is 16F877A



                Name                               Link     Load   Length Selector   Space Scale
C:\Users\ASUS\AppData\Local\Temp\xcAspn4.\driver_tmp_19.obj
                end_init                              0        0        3        0       0
                config                             2007     2007        1        0       4
dist/default/production\MEK303-PROJECT.X.production.obj
                cinit                               7FC      7FC        4      FF8       0
                config                             2007     2007        1        0       4
                text19                              F81      F81       16     1F02       0
                text18                              FAE      FAE       18     1F5C       0
                text17                              F76      F76        B     1EEC       0
                text16                              161      161       5B      2C2       0
                text15                              123      123       3E      246       0
                text14                               4B       4B       2D       96       0
                text13                               E6       E6       3D      1CC       0
                text12                              1BC      1BC       6C      378       0
                text11                              FC6      FC6       1D     1F8C       0
                text10                              F97      F97       17     1F2E       0
                text9                               319      319       8C      632       0
                text8                               3A5      3A5       A5      74A       0
                text7                               508      508       FB      A10       0
                text6                               FE3      FE3       1D     1FC6       0
                text5                               228      228       77      450       0
                text4                               29F      29F       7A      53E       0
                text3                                AA       AA       3C      154       0
                text2                                78       78       32       F0       0
                text1                               44A      44A       BE      894       0
                maintext                            603      603      1F9      C06       0
                cstackBANK0                          20       20       4C       20       1
                cstackCOMMON                         70       70        E       70       1
                cstackBANK1                          A0       A0       1E       A0       1
                strings                               3        3       47        6       0

TOTAL           Name                               Link     Load   Length     Space
        CLASS   CODE           
                end_init                              0        0        3         0
                cinit                               7FC      7FC        4         0
                text19                              F81      F81       16         0
                text18                              FAE      FAE       18         0
                text17                              F76      F76        B         0
                text16                              161      161       5B         0
                text15                              123      123       3E         0
                text14                               4B       4B       2D         0
                text13                               E6       E6       3D         0
                text12                              1BC      1BC       6C         0
                text11                              FC6      FC6       1D         0
                text10                              F97      F97       17         0
                text9                               319      319       8C         0
                text8                               3A5      3A5       A5         0
                text7                               508      508       FB         0
                text6                               FE3      FE3       1D         0
                text5                               228      228       77         0
                text4                               29F      29F       7A         0
                text3                                AA       AA       3C         0
                text2                                78       78       32         0
                text1                               44A      44A       BE         0
                maintext                            603      603      1F9         0

        CLASS   STRCODE        

        CLASS   STRING         
                strings                               3        3       47         0

        CLASS   CONST          

        CLASS   ENTRY          

        CLASS   COMMON         
                cstackCOMMON                         70       70        E         1

        CLASS   BANK0          
                cstackBANK0                          20       20       4C         1

        CLASS   BANK1          
                cstackBANK1                          A0       A0       1E         1

        CLASS   BANK2          

        CLASS   BANK3          

        CLASS   RAM            

        CLASS   ABS1           
                abs_s1                               7E       7E        2         1

        CLASS   SFR0           

        CLASS   SFR1           

        CLASS   SFR2           

        CLASS   SFR3           

        CLASS   CONFIG         
                config                             2007     2007        1         4

        CLASS   IDLOC          

        CLASS   EEDATA         

        CLASS   HEAP           

        CLASS   STACK          



SEGMENTS        Name                           Load    Length   Top    Selector   Space  Class     Delta

                reset_vec                      000000  000003  000003         0       0  CODE        2
                strings                        000003  000047  00004A         6       0  STRING      2
                cstackBANK0                    000020  00004C  00006C        20       1  BANK0       1
                cstackCOMMON                   000070  00000E  00007E        70       1  COMMON      1
                text14                         00004B  00002D  000078        96       0  CODE        2
                cstackBANK1                    0000A0  00001E  0000BE        A0       1  BANK1       1
                text2                          000078  000032  0000AA        F0       0  CODE        2
                text3                          0000AA  00003C  0000E6       154       0  CODE        2
                text13                         0000E6  00003D  000123       1CC       0  CODE        2
                text15                         000123  00003E  000161       246       0  CODE        2
                text16                         000161  00005B  0001BC       2C2       0  CODE        2
                text12                         0001BC  00006C  000228       378       0  CODE        2
                text5                          000228  000077  00029F       450       0  CODE        2
                text4                          00029F  00007A  000319       53E       0  CODE        2
                text9                          000319  00008C  0003A5       632       0  CODE        2
                text8                          0003A5  0000A5  00044A       74A       0  CODE        2
                text1                          00044A  0000BE  000508       894       0  CODE        2
                text7                          000508  0000FB  000603       A10       0  CODE        2
                maintext                       000603  0001F9  0007FC       C06       0  CODE        2
                cinit                          0007FC  000004  000800       FF8       0  CODE        2
                text17                         000F76  00000B  000F81      1EEC       0  CODE        2
                text19                         000F81  000016  000F97      1F02       0  CODE        2
                text10                         000F97  000017  000FAE      1F2E       0  CODE        2
                text18                         000FAE  000018  000FC6      1F5C       0  CODE        2
                text11                         000FC6  00001D  000FE3      1F8C       0  CODE        2
                text6                          000FE3  00001D  001000      1FC6       0  CODE        2


UNUSED ADDRESS RANGES

        Name                Unused          Largest block    Delta
        BANK0            006C-006F              4           1
        BANK1            00BE-00EF             32           1
        BANK2            0110-016F             60           1
        BANK3            0190-01EF             60           1
        CODE             004A-004A              1           2
                         0800-0F75            776
                         1000-1FFF            800
        CONST            004A-004A              1           2
                         0800-0F75            100
                         1000-1FFF            100
        EEDATA           2100-21FF            100           2
        ENTRY            004A-004A              1           2
                         0800-0F75            100
                         1000-1FFF            100
        IDLOC            2000-2003              4           2
        RAM              006C-006F              4           1
                         00BE-00EF             32
                         0110-016F             60
                         0190-01EF             60
        SFR0             0000-001F             20           1
        SFR1             0080-009F             20           1
        SFR2             0100-010F             10           1
        SFR3             0180-018F             10           1
        STRCODE          004A-004A              1           2
                         0800-0F75            776
                         1000-1FFF           1000
        STRING           004A-004A              1           2
                         0800-0F75            100
                         1000-1FFF            100

                                  Symbol Table

?___awtoft                cstackCOMMON 0078
?___ftadd                 cstackCOMMON 0078
?___ftdiv                 cstackBANK0  003B
?___ftmul                 cstackBANK0  002C
?___ftpack                cstackCOMMON 0070
?___ftsub                 cstackBANK0  0026
?___fttol                 cstackBANK0  004A
?___lwdiv                 cstackCOMMON 0070
?___lwmod                 cstackCOMMON 0077
?_map                     cstackBANK0  0057
?_sprintf                 cstackBANK0  0020
Lcd_Cmd@a                 cstackCOMMON 0073
Lcd_Port@a                cstackCOMMON 0070
Lcd_Set_Cursor@a          cstackCOMMON 0076
Lcd_Set_Cursor@b          cstackCOMMON 0074
Lcd_Set_Cursor@temp       cstackCOMMON 0079
Lcd_Set_Cursor@y          cstackCOMMON 0078
Lcd_Set_Cursor@z          cstackCOMMON 0077
Lcd_Write_Char@a          cstackCOMMON 0074
Lcd_Write_Char@temp       cstackCOMMON 0072
Lcd_Write_Char@y          cstackCOMMON 0073
Lcd_Write_String@a        cstackCOMMON 0075
Lcd_Write_String@i        cstackCOMMON 007A
_ADCON0bits               (abs)        001F
_ADCON1bits               (abs)        009F
_ADRESH                   (abs)        001E
_ADRESL                   (abs)        009E
_CCP1CON                  (abs)        0017
_CCP1X                    (abs)        00BD
_CCP1Y                    (abs)        00BC
_CCPR1L                   (abs)        0015
_Lcd_Clear                text17       0F76
_Lcd_Cmd                  text18       0FAE
_Lcd_Init                 text16       0161
_Lcd_Port                 text19       0F81
_Lcd_Set_Cursor           text15       0123
_Lcd_Write_Char           text14       004B
_Lcd_Write_String         text13       00E6
_PORTB                    (abs)        0006
_PORTBbits                (abs)        0006
_PORTC                    (abs)        0007
_PORTCbits                (abs)        0007
_PORTD                    (abs)        0008
_PR2                      (abs)        0092
_RB0                      (abs)        0030
_RB2                      (abs)        0032
_RD4                      (abs)        0044
_RD5                      (abs)        0045
_RD6                      (abs)        0046
_RD7                      (abs)        0047
_T2CON                    (abs)        0012
_TMR2                     (abs)        0011
_TRISA                    (abs)        0085
_TRISB                    (abs)        0086
_TRISC                    (abs)        0087
_TRISD                    (abs)        0088
__H__absolute__           __absolute__ 0000
__Habs1                   abs1         0000
__Hbank0                  bank0        0000
__Hbank1                  bank1        0000
__Hbank2                  bank2        0000
__Hbank3                  bank3        0000
__Hcinit                  cinit        0800
__Hclrtext                clrtext      0000
__Hcode                   code         0000
__Hcommon                 common       0000
__Hconfig                 config       2008
__HcstackBANK0            cstackBANK0  0000
__HcstackBANK1            cstackBANK1  0000
__HcstackCOMMON           cstackCOMMON 0000
__Heeprom_data            eeprom_data  0000
__Hend_init               end_init     0003
__Hfunctab                functab      0000
__Hheap                   heap         0000
__Hinit                   init         0000
__Hintentry               intentry     0000
__Hmaintext               maintext     0000
__Hpowerup                powerup      0000
__Hram                    ram          0000
__Hreset_vec              reset_vec    0000
__Hsfr0                   sfr0         0000
__Hsfr1                   sfr1         0000
__Hsfr2                   sfr2         0000
__Hsfr3                   sfr3         0000
__Hspace_0                (abs)        1000
__Hspace_1                (abs)        00BE
__Hspace_2                (abs)        0000
__Hspace_3                (abs)        0000
__Hspace_4                (abs)        400F
__Hstack                  stack        0000
__Hstrings                strings      0000
__Htext                   text         0000
__L__absolute__           __absolute__ 0000
__Labs1                   abs1         0000
__Lbank0                  bank0        0000
__Lbank1                  bank1        0000
__Lbank2                  bank2        0000
__Lbank3                  bank3        0000
__Lcinit                  cinit        07FC
__Lclrtext                clrtext      0000
__Lcode                   code         0000
__Lcommon                 common       0000
__Lconfig                 config       0000
__LcstackBANK0            cstackBANK0  0000
__LcstackBANK1            cstackBANK1  0000
__LcstackCOMMON           cstackCOMMON 0000
__Leeprom_data            eeprom_data  0000
__Lend_init               end_init     0000
__Lfunctab                functab      0000
__Lheap                   heap         0000
__Linit                   init         0000
__Lintentry               intentry     0000
__Lmaintext               maintext     0000
__Lpowerup                powerup      0000
__Lram                    ram          0000
__Lreset_vec              reset_vec    0000
__Lsfr0                   sfr0         0000
__Lsfr1                   sfr1         0000
__Lsfr2                   sfr2         0000
__Lsfr3                   sfr3         0000
__Lspace_0                (abs)        0000
__Lspace_1                (abs)        0000
__Lspace_2                (abs)        0000
__Lspace_3                (abs)        0000
__Lspace_4                (abs)        0000
__Lstack                  stack        0000
__Lstrings                strings      0000
__Ltext                   text         0000
__S0                      (abs)        1000
__S1                      (abs)        00BE
__S3                      (abs)        0000
___awtoft                 text11       0FC6
___awtoft@c               cstackCOMMON 0078
___awtoft@sign            cstackCOMMON 007B
___ftadd                  text7        0508
___ftadd@exp1             cstackBANK0  0025
___ftadd@exp2             cstackBANK0  0024
___ftadd@f1               cstackCOMMON 0078
___ftadd@f2               cstackCOMMON 007B
___ftadd@sign             cstackBANK0  0023
___ftdiv                  text9        0319
___ftdiv@cntr             cstackBANK0  0044
___ftdiv@exp              cstackBANK0  0048
___ftdiv@f1               cstackBANK0  003E
___ftdiv@f2               cstackBANK0  003B
___ftdiv@f3               cstackBANK0  0045
___ftdiv@sign             cstackBANK0  0049
___ftmul                  text8        03A5
___ftmul@cntr             cstackBANK0  0039
___ftmul@exp              cstackBANK0  0035
___ftmul@f1               cstackBANK0  002C
___ftmul@f2               cstackBANK0  002F
___ftmul@f3_as_product    cstackBANK0  0036
___ftmul@sign             cstackBANK0  003A
___ftpack                 text12       01BC
___ftpack@arg             cstackCOMMON 0070
___ftpack@exp             cstackCOMMON 0073
___ftpack@sign            cstackCOMMON 0074
___ftsub                  text6        0FE3
___ftsub@f1               cstackBANK0  0029
___ftsub@f2               cstackBANK0  0026
___fttol                  text5        0228
___fttol@exp1             cstackBANK0  0056
___fttol@f1               cstackBANK0  004A
___fttol@lval             cstackBANK0  0052
___fttol@sign1            cstackBANK0  0051
___heap_hi                (abs)        0000
___heap_lo                (abs)        0000
___int_sp                 stack        0000
___int_stack_hi           stack        0000
___int_stack_lo           stack        0000
___latbits                (abs)        0002
___lwdiv                  text3        00AA
___lwdiv@counter          cstackCOMMON 0076
___lwdiv@dividend         cstackCOMMON 0072
___lwdiv@divisor          cstackCOMMON 0070
___lwdiv@quotient         cstackCOMMON 0074
___lwmod                  text2        0078
___lwmod@counter          cstackCOMMON 007B
___lwmod@dividend         cstackCOMMON 0079
___lwmod@divisor          cstackCOMMON 0077
___sp                     stack        0000
___stack_hi               stack        0000
___stack_lo               stack        0000
___stackhi                (abs)        0000
___stacklo                (abs)        0000
__end_of_Lcd_Clear        text17       0F81
__end_of_Lcd_Cmd          text18       0FC6
__end_of_Lcd_Init         text16       01BC
__end_of_Lcd_Port         text19       0F97
__end_of_Lcd_Set_Cursor   text15       0161
__end_of_Lcd_Write_Char   text14       0078
__end_of_Lcd_Write_String text13       0123
__end_of___awtoft         text11       0FE3
__end_of___ftadd          text7        0603
__end_of___ftdiv          text9        03A5
__end_of___ftmul          text8        044A
__end_of___ftpack         text12       0228
__end_of___ftsub          text6        1000
__end_of___fttol          text5        029F
__end_of___lwdiv          text3        00E6
__end_of___lwmod          text2        00AA
__end_of__initialization  cinit        07FC
__end_of__stringtab       strings      0013
__end_of_dpowers          strings      001D
__end_of_duty_send        text10       0FAE
__end_of_main             maintext     07FC
__end_of_map              text4        0319
__end_of_sprintf          text1        0508
__initialization          cinit        07FC
__pcstackBANK0            cstackBANK0  0020
__pcstackBANK1            cstackBANK1  00A0
__pcstackCOMMON           cstackCOMMON 0070
__pmaintext               maintext     0603
__pstrings                strings      0003
__ptext1                  text1        044A
__ptext10                 text10       0F97
__ptext11                 text11       0FC6
__ptext12                 text12       01BC
__ptext13                 text13       00E6
__ptext14                 text14       004B
__ptext15                 text15       0123
__ptext16                 text16       0161
__ptext17                 text17       0F76
__ptext18                 text18       0FAE
__ptext19                 text19       0F81
__ptext2                  text2        0078
__ptext3                  text3        00AA
__ptext4                  text4        029F
__ptext5                  text5        0228
__ptext6                  text6        0FE3
__ptext7                  text7        0508
__ptext8                  text8        03A5
__ptext9                  text9        0319
__stringbase              strings      0012
__stringtab               strings      0003
_dpowers                  strings      0013
_duty_send                text10       0F97
_main                     maintext     0603
_map                      text4        029F
_map$850                  cstackBANK0  0066
_sprintf                  text1        044A
btemp                     (abs)        007E
duty_send@deger           cstackBANK0  0057
end_of_initialization     cinit        07FC
intlevel0                 functab      0000
intlevel1                 functab      0000
intlevel2                 functab      0000
intlevel3                 functab      0000
intlevel4                 functab      0000
intlevel5                 functab      0000
main@char_digital         cstackBANK1  00A0
main@counter              cstackBANK1  00B5
main@digital              cstackBANK1  00B9
main@rotate               cstackBANK1  00B7
main@speed                cstackBANK1  00BC
main@voltage              cstackBANK1  00B2
main@voltage_coefficent   cstackBANK1  00AF
map@in_max                cstackBANK0  005D
map@in_min                cstackBANK0  005A
map@out_max               cstackBANK0  0063
map@out_min               cstackBANK0  0060
map@x                     cstackBANK0  0057
reset_vec                 reset_vec    0000
sprintf@ap                cstackBANK0  0026
sprintf@c                 cstackBANK0  002C
sprintf@f                 cstackBANK0  0020
sprintf@flag              cstackBANK0  0027
sprintf@prec              cstackBANK0  0028
sprintf@sp                cstackBANK0  002B
sprintf@val               cstackBANK0  0029
start                     init         0000
start_initialization      cinit        07FC
wtemp0                    (abs)        007E


MODULE INFORMATION

Module		Function		Class		Link	Load	Size
C:\Program Files\Microchip\xc8\v2.45\pic\sources\c90\common\ftadd.c
		___ftadd       		CODE           	0508	0000	251

C:\Program Files\Microchip\xc8\v2.45\pic\sources\c90\common\ftadd.c estimated size: 251

C:\Program Files\Microchip\xc8\v2.45\pic\sources\c90\common\awtoft.c
		___awtoft      		CODE           	0FC6	0000	29

C:\Program Files\Microchip\xc8\v2.45\pic\sources\c90\common\awtoft.c estimated size: 29

C:\Program Files\Microchip\xc8\v2.45\pic\sources\c90\common\doprnt.c
		_sprintf       		CODE           	044A	0000	190

C:\Program Files\Microchip\xc8\v2.45\pic\sources\c90\common\doprnt.c estimated size: 190

C:\Program Files\Microchip\xc8\v2.45\pic\sources\c90\common\ftsub.c
		___ftsub       		CODE           	0FE3	0000	29

C:\Program Files\Microchip\xc8\v2.45\pic\sources\c90\common\ftsub.c estimated size: 29

C:\Program Files\Microchip\xc8\v2.45\pic\sources\c90\common\float.c
		___ftpack      		CODE           	01BC	0000	108

C:\Program Files\Microchip\xc8\v2.45\pic\sources\c90\common\float.c estimated size: 108

C:\Program Files\Microchip\xc8\v2.45\pic\sources\c90\common\lwmod.c
		___lwmod       		CODE           	0078	0000	50

C:\Program Files\Microchip\xc8\v2.45\pic\sources\c90\common\lwmod.c estimated size: 50

shared
		__stringtab    		STRING         	0003	0000	16
		_dpowers       		STRING         	0013	0000	10
		__initialization		CODE           	07FC	0000	1

shared estimated size: 27

C:\Program Files\Microchip\xc8\v2.45\pic\sources\c90\common\ftmul.c
		___ftmul       		CODE           	03A5	0000	165

C:\Program Files\Microchip\xc8\v2.45\pic\sources\c90\common\ftmul.c estimated size: 165

C:\Program Files\Microchip\xc8\v2.45\pic\sources\c90\common\ftdiv.c
		___ftdiv       		CODE           	0319	0000	140

C:\Program Files\Microchip\xc8\v2.45\pic\sources\c90\common\ftdiv.c estimated size: 140

C:\Program Files\Microchip\xc8\v2.45\pic\sources\c90\common\lwdiv.c
		___lwdiv       		CODE           	00AA	0000	60

C:\Program Files\Microchip\xc8\v2.45\pic\sources\c90\common\lwdiv.c estimated size: 60

MEK303-PROJECT.c
		_Lcd_Write_String		CODE           	00E6	0000	61
		_Lcd_Init      		CODE           	0161	0000	91
		_map           		CODE           	029F	0000	122
		_Lcd_Write_Char		CODE           	004B	0000	45
		_main          		CODE           	0603	0000	505
		_Lcd_Cmd       		CODE           	0FAE	0000	24
		_duty_send     		CODE           	0F97	0000	23
		_Lcd_Set_Cursor		CODE           	0123	0000	62
		_Lcd_Clear     		CODE           	0F76	0000	11
		_Lcd_Port      		CODE           	0F81	0000	22

MEK303-PROJECT.c estimated size: 966

C:\Program Files\Microchip\xc8\v2.45\pic\sources\c90\common\fttol.c
		___fttol       		CODE           	0228	0000	119

C:\Program Files\Microchip\xc8\v2.45\pic\sources\c90\common\fttol.c estimated size: 119

